best 137 step 1
best 136 step 7
best 130 step 15
best 126 step 22
best 116 step 27
best 89 step 35
best 85 step 39
best 84 step 42
best 82 step 43
best 78 step 44
best 71 step 45
best 67 step 57
best 59 step 65
best 58 step 67
best 47 step 91
best 44 step 316
best 41 step 370
best 33 step 433
best 29 step 905
best 28 step 1465
best 24 step 7518
best 22 step 7554
best 20 step 8209
best 18 step 12187
best 17 step 34437
best 16 step 512551
best 15 step 1097866
best 14 step 1098051
best 11 step 2177247
best 10 step 6031743
best 5 step 6033019
best 0 step 7574184
FINAL 32 0
