START 13104 n 364 basecounts 135 135 135 135 
BEST 13080 step 1
BEST 12936 step 4
BEST 12840 step 6
BEST 12792 step 8
BEST 12684 step 9
BEST 12612 step 13
BEST 12540 step 17
BEST 12384 step 18
BEST 12252 step 20
BEST 12156 step 21
BEST 12000 step 22
BEST 11952 step 24
BEST 11928 step 28
BEST 11820 step 30
BEST 11688 step 31
BEST 11616 step 33
BEST 11472 step 35
BEST 11328 step 36
BEST 11280 step 37
BEST 11148 step 39
BEST 11076 step 40
BEST 11004 step 42
BEST 10944 step 43
BEST 10836 step 46
BEST 10728 step 47
BEST 10668 step 51
BEST 10572 step 52
BEST 10416 step 53
BEST 10320 step 55
BEST 10278 step 60
BEST 10242 step 61
BEST 10158 step 64
BEST 10086 step 65
BEST 10014 step 66
BEST 9930 step 69
BEST 9834 step 71
BEST 9798 step 72
BEST 9594 step 74
BEST 9486 step 75
BEST 9414 step 77
BEST 9402 step 78
BEST 9354 step 79
BEST 9306 step 81
BEST 9258 step 84
BEST 9198 step 85
BEST 9186 step 86
BEST 9180 step 87
BEST 9096 step 93
BEST 8964 step 94
BEST 8892 step 95
BEST 8784 step 96
BEST 8676 step 100
BEST 8520 step 101
BEST 8472 step 107
BEST 8424 step 110
BEST 8352 step 111
BEST 8262 step 112
BEST 8214 step 113
BEST 8154 step 117
BEST 8070 step 118
BEST 7974 step 120
BEST 7872 step 122
BEST 7800 step 125
BEST 7644 step 126
BEST 7608 step 127
BEST 7560 step 128
BEST 7512 step 129
BEST 7440 step 131
BEST 7428 step 132
BEST 7398 step 142
BEST 7362 step 143
BEST 7278 step 151
BEST 7230 step 152
BEST 7134 step 156
BEST 7104 step 158
BEST 7062 step 161
BEST 7026 step 165
BEST 6822 step 166
BEST 6810 step 172
BEST 6792 step 175
BEST 6690 step 176
BEST 6594 step 177
BEST 6510 step 178
BEST 6474 step 189
BEST 6438 step 190
BEST 6378 step 197
BEST 6306 step 202
BEST 6246 step 203
BEST 6174 step 205
BEST 6102 step 206
BEST 6042 step 208
BEST 5970 step 209
BEST 5910 step 211
BEST 5898 step 212
BEST 5874 step 217
BEST 5862 step 223
BEST 5838 step 232
BEST 5802 step 241
BEST 5790 step 243
BEST 5730 step 245
BEST 5646 step 246
BEST 5586 step 251
BEST 5574 step 252
BEST 5538 step 253
BEST 5442 step 254
BEST 5406 step 256
BEST 5304 step 258
BEST 5244 step 261
BEST 5160 step 262
BEST 5148 step 264
BEST 5040 step 266
BEST 5010 step 267
BEST 4974 step 270
BEST 4902 step 275
BEST 4806 step 276
BEST 4776 step 283
BEST 4692 step 285
BEST 4608 step 290
BEST 4512 step 291
BEST 4476 step 306
BEST 4452 step 307
BEST 4416 step 313
BEST 4404 step 317
BEST 4386 step 318
BEST 4314 step 325
BEST 4290 step 335
BEST 4284 step 338
BEST 4212 step 339
BEST 4182 step 347
BEST 4176 step 370
BEST 4128 step 371
BEST 4098 step 382
BEST 4050 step 385
BEST 4026 step 394
BEST 4014 step 400
BEST 3984 step 401
BEST 3972 step 402
BEST 3942 step 403
BEST 3918 step 405
BEST 3846 step 406
BEST 3774 step 409
BEST 3702 step 412
BEST 3648 step 459
BEST 3636 step 479
BEST 3624 step 482
BEST 3600 step 485
BEST 3588 step 512
BEST 3522 step 514
BEST 3498 step 515
BEST 3318 step 517
BEST 3282 step 527
BEST 3270 step 533
BEST 3168 step 558
BEST 3060 step 559
BEST 3024 step 561
BEST 3000 step 570
BEST 2982 step 590
BEST 2946 step 591
BEST 2910 step 592
BEST 2772 step 593
BEST 2742 step 921
BEST 2736 step 924
BEST 2724 step 925
BEST 2592 step 926
BEST 2532 step 928
BEST 2526 step 937
BEST 2478 step 938
BEST 2370 step 1032
BEST 2334 step 1041
BEST 2250 step 1048
BEST 2232 step 3786
BEST 2196 step 3794
BEST 2160 step 3796
BEST 2148 step 3973
BEST 2136 step 3979
BEST 2124 step 3981
BEST 2094 step 3997
BEST 2082 step 3998
BEST 1986 step 4427
BEST 1974 step 4433
BEST 1902 step 4447
BEST 1854 step 4448
BEST 1842 step 7558
BEST 1818 step 7571
BEST 1758 step 7593
BEST 1734 step 7598
BEST 1710 step 7599
BEST 1698 step 7600
BEST 1680 step 8189
BEST 1548 step 8206
BEST 1524 step 8211
BEST 1512 step 8212
BEST 1500 step 8222
BEST 1398 step 8293
BEST 1362 step 8303
BEST 1344 step 8316
BEST 1338 step 13948
BEST 1314 step 13959
BEST 1308 step 13982
BEST 1260 step 13993
BEST 1218 step 13996
BEST 1194 step 14522
BEST 1146 step 14547
BEST 1140 step 14556
BEST 1128 step 14564
BEST 1056 step 14663
BEST 1044 step 14831
BEST 1020 step 18006
BEST 984 step 18020
BEST 978 step 18044
BEST 954 step 18045
BEST 942 step 18269
BEST 918 step 18270
BEST 906 step 18271
BEST 894 step 18274
BEST 882 step 18277
BEST 852 step 18350
BEST 840 step 18448
BEST 834 step 18827
BEST 822 step 18828
BEST 810 step 18836
BEST 792 step 19110
BEST 780 step 19119
BEST 768 step 19185
BEST 762 step 20470
BEST 738 step 20483
BEST 678 step 20556
BEST 672 step 25961
BEST 666 step 25974
BEST 654 step 25986
BEST 648 step 25987
BEST 636 step 26000
BEST 624 step 26002
BEST 600 step 26010
BEST 588 step 26025
BEST 576 step 26038
BEST 564 step 26040
BEST 558 step 26096
BEST 552 step 27046
BEST 540 step 27314
BEST 534 step 27323
BEST 510 step 27333
BEST 486 step 27340
BEST 468 step 28264
BEST 462 step 28351
BEST 456 step 28480
BEST 444 step 29193
BEST 432 step 29243
BEST 414 step 31498
BEST 402 step 31533
BEST 378 step 31541
BEST 372 step 33148
BEST 360 step 33256
BEST 348 step 33283
BEST 336 step 33285
BEST 324 step 33294
BEST 312 step 33306
BEST 306 step 33706
BEST 294 step 33716
BEST 276 step 33843
BEST 270 step 34073
BEST 264 step 35458
BEST 240 step 35480
BEST 228 step 35600
BEST 210 step 35732
BEST 204 step 36055
BEST 198 step 36078
BEST 180 step 36765
BEST 174 step 39006
BEST 150 step 39018
BEST 138 step 39042
BEST 132 step 40888
BEST 126 step 40902
BEST 120 step 42294
BEST 114 step 42405
BEST 102 step 42413
BEST 90 step 42416
BEST 84 step 42804
BEST 78 step 42858
BEST 72 step 44624
BEST 60 step 44927
BEST 48 step 45315
BEST 36 step 45320
BEST 24 step 45445
BEST 12 step 45448
BEST 6 step 51086
BEST 0 step 55258
DONE best 0 steps 55258 accepted 11656
