best 510 raw 510 diag 0 it 0 sec 0.000314578
best 488 raw 488 diag 0 it 1 sec 0.000366367
best 430 raw 430 diag 0 it 2 sec 0.00648745
best 393 raw 393 diag 1 it 5 sec 0.0079476
best 311 raw 311 diag 1 it 6 sec 0.00999688
best 298 raw 298 diag 0 it 7 sec 0.0112226
best 285 raw 285 diag 1 it 10 sec 0.011959
best 270 raw 270 diag 2 it 11 sec 0.0128813
best 230 raw 230 diag 2 it 15 sec 0.0183879
best 217 raw 217 diag 1 it 16 sec 0.0191876
best 206 raw 206 diag 2 it 18 sec 0.0200413
best 198 raw 198 diag 2 it 19 sec 0.0207207
best 196 raw 196 diag 2 it 21 sec 0.0215126
best 182 raw 182 diag 8 it 22 sec 0.0218979
best 179 raw 179 diag 11 it 24 sec 0.0232662
best 173 raw 173 diag 11 it 26 sec 0.0240344
best 153 raw 153 diag 15 it 31 sec 0.0248734
best 150 raw 150 diag 12 it 35 sec 0.0255693
best 139 raw 139 diag 9 it 41 sec 0.0263346
best 138 raw 138 diag 6 it 49 sec 0.0272896
best 132 raw 132 diag 6 it 52 sec 0.0281097
best 118 raw 118 diag 16 it 93 sec 0.0287497
best 106 raw 106 diag 16 it 96 sec 0.0292693
best 98 raw 98 diag 14 it 102 sec 0.0301561
best 89 raw 89 diag 19 it 109 sec 0.030895
best 86 raw 86 diag 8 it 190 sec 0.0350047
best 84 raw 84 diag 8 it 805 sec 0.0354322
best 82 raw 82 diag 12 it 878 sec 0.036471
best 70 raw 70 diag 2 it 2032 sec 0.0399087
best 69 raw 69 diag 5 it 2033 sec 0.0438602
best 65 raw 65 diag 9 it 3826 sec 0.0479006
best 64 raw 64 diag 12 it 11688 sec 0.0505109
best 57 raw 57 diag 9 it 11703 sec 0.053752
best 51 raw 51 diag 5 it 17299 sec 0.058862
best 45 raw 45 diag 5 it 17362 sec 0.0592305
best 43 raw 43 diag 7 it 37433 sec 0.067271
best 42 raw 42 diag 4 it 37525 sec 0.0675559
best 39 raw 39 diag 5 it 42948 sec 0.0686272
best 35 raw 35 diag 1 it 52013 sec 0.0745687
best 29 raw 29 diag 1 it 52074 sec 0.0750508
best 23 raw 23 diag 1 it 52464 sec 0.0754831
best 21 raw 21 diag 1 it 54928 sec 0.0762876
best 18 raw 18 diag 2 it 56307 sec 0.0768864
best 17 raw 17 diag 1 it 57331 sec 0.0774663
best 4 raw 4 diag 2 it 58055 sec 0.0779054
best 0 raw 0 diag 0 it 6092514 sec 2.61835
FINAL 0 sec 2.61843
